// Jest Snapshot v1, https://goo.gl/fbAQLP

exports[`<StringListItem /> should render a ListItem 1`] = `
<li
  class="Wrapper-euo0oy-0 gpjGxP"
>
  <div
    class="Item-sc-3y9mie-0 jESnYC"
  >
    <div
      class="Wrapper-sc-4ooklm-0 eeXvdc"
    >
       
      test
       
    </div>
  </div>
</li>
`;
