// Jest Snapshot v1, https://goo.gl/fbAQLP

exports[`<HomePage /> should render and match the snapshot 1`] = `
<section
  class="Section-sc-1eulrsm-0 haCGIt"
>
  <section
    class="Section-sc-1eulrsm-0 CenteredSection-sc-6zy0wx-0 kGiTcd"
  >
    <h1>
      <span>
        Welcome!
      </span>
    </h1>
    <h2>
      Strings = 
      Empty
    </h2>
    <a
      href="/add"
    >
      <button
        type="button"
      >
        Add New String
      </button>
    </a>
    <div
      class="Wrapper-sc-1umgotm-0 jjVzQg"
    >
      <ul
        class="Ul-mwnq6h-0 jcxXFy"
      >
        <li
          class="Wrapper-euo0oy-0 gpjGxP"
        >
          <div
            class="Item-sc-3y9mie-0 jESnYC"
          >
            Something went wrong, please try again!
          </div>
        </li>
      </ul>
    </div>
  </section>
</section>
`;
